// Jest Snapshot v1, https://goo.gl/fbAQLP

exports[`Library interface test 1`] = `
Object {
  "actions": Object {
    "auth": Object {
      "loadProfile": [Function],
      "setTcTokenV2": [Function],
      "setTcTokenV3": [Function],
    },
    "challenge": Object {
      "dropCheckpoints": [Function],
      "dropResults": [Function],
      "fetchCheckpointsDone": [Function],
      "fetchCheckpointsInit": [Function],
      "getDetailsDone": [Function],
      "getDetailsInit": [Function],
      "getSubmissionsDone": [Function],
      "getSubmissionsInit": [Function],
      "loadResultsDone": [Function],
      "loadResultsInit": [Function],
      "registerDone": [Function],
      "registerInit": [Function],
      "toggleCheckpointFeedback": [Function],
      "unregisterDone": [Function],
      "unregisterInit": [Function],
      "updateChallengeDone": [Function],
      "updateChallengeInit": [Function],
    },
    "direct": Object {
      "dropAll": [Function],
      "getProjectDetailsDone": [Function],
      "getProjectDetailsInit": [Function],
      "getProjectPermissionsDone": [Function],
      "getProjectPermissionsInit": [Function],
      "getUserProjectsDone": [Function],
      "getUserProjectsInit": [Function],
    },
    "errors": Object {
      "clearAllErrorIcons": [Function],
      "clearError": [Function],
      "clearErrorIcon": [Function],
      "newError": [Function],
      "setErrorIcon": [Function],
    },
    "groups": Object {
      "dropGroups": [Function],
      "getGroupsDone": [Function],
      "getGroupsInit": [Function],
    },
    "lookup": Object {
      "getApprovedSkills": [Function],
    },
    "memberTasks": Object {
      "dropAll": [Function],
      "getDone": [Function],
      "getInit": [Function],
    },
    "members": Object {
      "drop": [Function],
      "dropAll": [Function],
      "getAchievementsDone": [Function],
      "getAchievementsInit": [Function],
      "getFinancesDone": [Function],
      "getFinancesInit": [Function],
      "getStatsDone": [Function],
      "getStatsInit": [Function],
    },
    "profile": Object {
      "addSkillDone": [Function],
      "addSkillInit": [Function],
      "addWebLinkDone": [Function],
      "addWebLinkInit": [Function],
      "deletePhotoDone": [Function],
      "deletePhotoInit": [Function],
      "deleteWebLinkDone": [Function],
      "deleteWebLinkInit": [Function],
      "getAchievementsDone": [Function],
      "getAchievementsInit": [Function],
      "getActiveChallengesCountDone": [Function],
      "getActiveChallengesCountInit": [Function],
      "getCredentialDone": [Function],
      "getCredentialInit": [Function],
      "getEmailPreferencesDone": [Function],
      "getEmailPreferencesInit": [Function],
      "getExternalAccountsDone": [Function],
      "getExternalAccountsInit": [Function],
      "getExternalLinksDone": [Function],
      "getExternalLinksInit": [Function],
      "getInfoDone": [Function],
      "getInfoInit": [Function],
      "getLinkedAccountsDone": [Function],
      "getLinkedAccountsInit": [Function],
      "getSkillsDone": [Function],
      "getSkillsInit": [Function],
      "getStatsDone": [Function],
      "getStatsInit": [Function],
      "hideSkillDone": [Function],
      "hideSkillInit": [Function],
      "linkExternalAccountDone": [Function],
      "linkExternalAccountInit": [Function],
      "loadProfile": [Function],
      "saveEmailPreferencesDone": [Function],
      "saveEmailPreferencesInit": [Function],
      "unlinkExternalAccountDone": [Function],
      "unlinkExternalAccountInit": [Function],
      "updatePasswordDone": [Function],
      "updatePasswordInit": [Function],
      "updateProfileDone": [Function],
      "updateProfileInit": [Function],
      "uploadPhotoDone": [Function],
      "uploadPhotoInit": [Function],
    },
    "reviewOpportunity": Object {
      "cancelApplicationsDone": [Function],
      "cancelApplicationsInit": [Function],
      "getDetailsDone": [Function],
      "getDetailsInit": [Function],
      "submitApplicationsDone": [Function],
      "submitApplicationsInit": [Function],
    },
    "smp": Object {
      "deleteSubmissionDone": [Function],
      "deleteSubmissionInit": [Function],
      "downloadSubmission": [Function],
    },
    "stats": Object {
      "getCommunityStatsDone": [Function],
      "getCommunityStatsInit": [Function],
    },
    "terms": Object {
      "agreeTermDone": [Function],
      "agreeTermInit": [Function],
      "checkStatusDone": [Function],
      "checkStatusInit": [Function],
      "getDocuSignUrlDone": [Function],
      "getDocuSignUrlInit": [Function],
      "getTermDetailsDone": [Function],
      "getTermDetailsInit": [Function],
      "getTermsDone": [Function],
      "getTermsInit": [Function],
    },
  },
  "challenge": Object {
    "filter": Object {
      "addTrack": [Function],
      "combine": [Function],
      "default": undefined,
      "getFilterFunction": [Function],
      "getReviewOpportunitiesFilterFunction": [Function],
      "mapToBackend": [Function],
      "removeTrack": [Function],
      "setEndDate": [Function],
      "setReviewOpportunityType": [Function],
      "setStartDate": [Function],
      "setSubtracks": [Function],
      "setTags": [Function],
      "setText": [Function],
    },
  },
  "errors": Object {
    "ERROR_ICON_TYPES": Object {
      "API": "api",
      "NETWORK": "network",
    },
    "clearAllErrorIcons": [Function],
    "clearErrorIcon": [Function],
    "fireErrorMessage": [Function],
    "setErrorIcon": [Function],
    "setErrorsStore": [Function],
  },
  "logger": Object {
    "_getSourceMaps": [Function],
    "assert": [Function],
    "clear": [Function],
    "count": [Function],
    "countReset": [Function],
    "debug": [Function],
    "dir": [Function],
    "error": [Function],
    "group": [Function],
    "groupCollapsed": [Function],
    "groupEnd": [Function],
    "info": [Function],
    "log": [Function],
    "time": [Function],
    "timeEnd": [Function],
    "trace": [Function],
    "warn": [Function],
  },
  "mock": Object {
    "default": undefined,
    "mockAction": [Function],
  },
  "reducerFactories": Object {
    "authFactory": [Function],
    "challengeFactory": [Function],
    "directFactory": [Function],
    "errorsFactory": [Function],
    "groupsFactory": [Function],
    "lookupFactory": [Function],
    "memberTasksFactory": [Function],
    "membersFactory": [Function],
    "mySubmissionsManagementFactory": [Function],
    "profileFactory": [Function],
    "reviewOpportunityFactory": [Function],
    "statsFactory": [Function],
    "termsFactory": [Function],
  },
  "reducerFactory": [Function],
  "reducers": Object {
    "auth": [Function],
    "challenge": [Function],
    "direct": [Function],
    "errors": [Function],
    "groups": [Function],
    "lookup": [Function],
    "memberTasks": [Function],
    "members": [Function],
    "mySubmissionsManagement": [Function],
    "profile": [Function],
    "reviewOpportunity": [Function],
    "stats": [Function],
    "terms": [Function],
  },
  "services": Object {
    "api": Object {
      "default": [Function],
      "getApiV2": [Function],
      "getApiV3": [Function],
    },
    "billing": Object {
      "default": [Function],
      "getService": [Function],
    },
    "challenge": Object {
      "ORDER_BY": Object {
        "SUBMISSION_END_DATE": "submissionEndDate",
      },
      "default": undefined,
      "getService": [Function],
      "normalizeChallenge": [Function],
      "normalizeChallengeDetails": [Function],
      "normalizeMarathonMatch": [Function],
    },
    "communities": Object {
      "default": undefined,
      "getService": [Function],
    },
    "direct": Object {
      "default": undefined,
      "getService": [Function],
    },
    "groups": Object {
      "addDescendantGroups": [Function],
      "checkGroupsStatus": [Function],
      "checkUserGroups": [Function],
      "default": undefined,
      "getService": [Function],
    },
    "lookup": Object {
      "default": undefined,
      "getService": [Function],
    },
    "members": Object {
      "default": undefined,
      "getService": [Function],
    },
    "reviewOpportunities": Object {
      "default": undefined,
      "getReviewOpportunitiesService": [Function],
    },
    "terms": Object {
      "default": undefined,
      "getService": [Function],
    },
    "user": Object {
      "default": [Function],
      "getService": [Function],
    },
    "userSetting": Object {
      "default": [Function],
      "getUserSettingsService": [Function],
    },
  },
  "tc": Object {
    "COMPETITION_TRACKS": Object {
      "DATA_SCIENCE": "data_science",
      "DESIGN": "design",
      "DEVELOP": "develop",
    },
    "REVIEW_OPPORTUNITY_TYPES": Object {
      "Contest Review": "Review",
      "Iterative Review": "Iterative Review",
      "Spec Review": "Specification Review",
    },
    "getApiResponsePayloadV3": [Function],
    "looseEqual": [Function],
  },
  "time": Object {
    "default": undefined,
    "delay": [Function],
    "formatDuration": [Function],
  },
}
`;
